src/app/(dashboard)/admin/users/page.tsx(257,17): error TS2322: Type '"MANUFACTURER" | "DEALER"' is not assignable to type '"MANUFACTURER" | "SELLER"'.
  Type '"DEALER"' is not assignable to type '"MANUFACTURER" | "SELLER"'.
